// Jest Snapshot v1, https://goo.gl/fbAQLP

exports[`matches snapshot 1`] = `
<DocumentFragment>
  <div
    style="display: inline-block; margin-right: 10px; margin-bottom: 10px;"
  >
    <button>
      X
    </button>
  </div>
</DocumentFragment>
`;
